Microsoft Windows [Version 10.0.26100.4652]
(c) Microsoft Corporation. All rights reserved.

C:\Users\hp\OneDrive\Desktop\Git-tuts>git init
Initialized empty Git repository in C:/Users/hp/OneDrive/Desktop/Git-tuts/.git/

C:\Users\hp\OneDrive\Desktop\Git-tuts>git status
On branch main

No commits yet

Untracked files:
  (use "git add <file>..." to include in what will be committed)
        code_1.py
        example.txt

nothing added to commit but untracked files present (use "git add" to track)

C:\Users\hp\OneDrive\Desktop\Git-tuts>git status
On branch main

No commits yet

Untracked files:
  (use "git add <file>..." to include in what will be committed)
        code_1.py
        ex.txt
        example.txt

nothing added to commit but untracked files present (use "git add" to track)

C:\Users\hp\OneDrive\Desktop\Git-tuts>git add code_1.py

C:\Users\hp\OneDrive\Desktop\Git-tuts>git status
On branch main

No commits yet

Changes to be committed:
  (use "git rm --cached <file>..." to unstage)
        new file:   code_1.py

Untracked files:
  (use "git add <file>..." to include in what will be committed)
        ex.txt
        example.txt


C:\Users\hp\OneDrive\Desktop\Git-tuts>git add emaple.txt
fatal: pathspec 'emaple.txt' did not match any files

C:\Users\hp\OneDrive\Desktop\Git-tuts>git add example.txt

C:\Users\hp\OneDrive\Desktop\Git-tuts>git status
On branch main

No commits yet

Changes to be committed:
  (use "git rm --cached <file>..." to unstage)
        new file:   code_1.py
        new file:   example.txt

Untracked files:
  (use "git add <file>..." to include in what will be committed)
        ex.txt


C:\Users\hp\OneDrive\Desktop\Git-tuts>git commit -m "commiting the code and example"
Author identity unknown

*** Please tell me who you are.

Run

  git config --global user.email "you@example.com"
  git config --global user.name "Your Name"

to set your account's default identity.
Omit --global to set the identity only in this repository.

fatal: unable to auto-detect email address (got 'hp@DESKTOP-QBHGSPM.(none)')

C:\Users\hp\OneDrive\Desktop\Git-tuts>git config --global user.name "Deepanjali236"

C:\Users\hp\OneDrive\Desktop\Git-tuts>git config --global user.email "anjalikarthi03@gmail.com"

C:\Users\hp\OneDrive\Desktop\Git-tuts>git config --global user.name
Deepanjali236

C:\Users\hp\OneDrive\Desktop\Git-tuts>git config --global user.email
anjalikarthi03@gmail.com

C:\Users\hp\OneDrive\Desktop\Git-tuts>git commit -m "commiting the code and example"
[main (root-commit) e7957ce] commiting the code and example
 2 files changed, 3 insertions(+)
 create mode 100644 code_1.py
 create mode 100644 example.txt

C:\Users\hp\OneDrive\Desktop\Git-tuts>git status
On branch main
Untracked files:
  (use "git add <file>..." to include in what will be committed)
        ex.txt

nothing added to commit but untracked files present (use "git add" to track)

C:\Users\hp\OneDrive\Desktop\Git-tuts>git remote add origin https://github.com/Deepanjali236/git-tuts.git

C:\Users\hp\OneDrive\Desktop\Git-tuts>git push -u origin main
info: please complete authentication in your browser...
Enumerating objects: 4, done.
Counting objects: 100% (4/4), done.
Delta compression using up to 4 threads
Compressing objects: 100% (2/2), done.
Writing objects: 100% (4/4), 292 bytes | 48.00 KiB/s, done.
Total 4 (delta 0), reused 0 (delta 0), pack-reused 0 (from 0)
To https://github.com/Deepanjali236/git-tuts.git
 * [new branch]      main -> main
branch 'main' set up to track 'origin/main'.

C:\Users\hp\OneDrive\Desktop\Git-tuts>git checkout -b "copy1"
Switched to a new branch 'copy1'

C:\Users\hp\OneDrive\Desktop\Git-tuts>git branch
* copy1
  main

C:\Users\hp\OneDrive\Desktop\Git-tuts>git add example1.txt
fatal: pathspec 'example1.txt' did not match any files

C:\Users\hp\OneDrive\Desktop\Git-tuts>git add ex.txt

C:\Users\hp\OneDrive\Desktop\Git-tuts>git status
On branch copy1
Changes to be committed:
  (use "git restore --staged <file>..." to unstage)
        new file:   ex.txt


C:\Users\hp\OneDrive\Desktop\Git-tuts>git commitng -m "Commiting ex to copy1"
git: 'commitng' is not a git command. See 'git --help'.

C:\Users\hp\OneDrive\Desktop\Git-tuts>git commit -m "Commiting ex to copy1"
[copy1 8a6229a] Commiting ex to copy1
 1 file changed, 1 insertion(+)
 create mode 100644 ex.txt

C:\Users\hp\OneDrive\Desktop\Git-tuts>git push
fatal: The current branch copy1 has no upstream branch.
To push the current branch and set the remote as upstream, use

    git push --set-upstream origin copy1

To have this happen automatically for branches without a tracking
upstream, see 'push.autoSetupRemote' in 'git help config'.


C:\Users\hp\OneDrive\Desktop\Git-tuts>git push --set-upstream origin copy1
Enumerating objects: 4, done.
Counting objects: 100% (4/4), done.
Delta compression using up to 4 threads
Compressing objects: 100% (2/2), done.
Writing objects: 100% (3/3), 318 bytes | 106.00 KiB/s, done.
Total 3 (delta 0), reused 0 (delta 0), pack-reused 0 (from 0)
remote:
remote: Create a pull request for 'copy1' on GitHub by visiting:
remote:      https://github.com/Deepanjali236/git-tuts/pull/new/copy1
remote:
To https://github.com/Deepanjali236/git-tuts.git
 * [new branch]      copy1 -> copy1
branch 'copy1' set up to track 'origin/copy1'.

C:\Users\hp\OneDrive\Desktop\Git-tuts>